interactions:
- request:
    body: null
    headers:
      Accept: ['*/*']
      Accept-Encoding: ['gzip, deflate, compress']
      User-Agent: [python-requests/2.2.1 CPython/3.4.1 Linux/3.15.7-1-aufs_friendly]
    method: GET
    uri: http://localhost:4243/v1.12/containers/json?size=0&all=1&trunc_cmd=1&limit=-1
  response:
    body: {string: '[]'}
    headers:
      Content-Length: ['2']
      Content-Type: [application/json]
      Date: ['Mon, 08 Sep 2014 13:12:31 GMT']
    status: {code: 200, message: OK}
- request:
    body: '{"Memory": 0, "Image": "busybox:a9eb172552348a9a49180694790b33a1097f546456d041b6e82e4d7716ddb721",
      "OpenStdin": true, "AttachStdout": true, "Tty": false, "Cmd": ["sleep", "10"],
      "AttachStderr": true, "MemorySwap": 0, "NetworkDisabled": false, "Hostname":
      "testcont-localship", "AttachStdin": true, "ExposedPorts": {}, "StdinOnce":
      true, "Env": []}'
    headers:
      Accept: ['*/*']
      Accept-Encoding: ['gzip, deflate, compress']
      Content-Length: ['347']
      Content-Type: [application/json]
      User-Agent: [python-requests/2.2.1 CPython/3.4.1 Linux/3.15.7-1-aufs_friendly]
    method: POST
    uri: http://localhost:4243/v1.12/containers/create?name=testshipment.testcont
  response:
    body: {string: '{"Id":"b7a6a3d79eb2b1bd5c0e63533a2754de0ba4291be74cd6dde10702197e7595fe","Warnings":null}

'}
    headers:
      Content-Length: ['90']
      Content-Type: [application/json]
      Date: ['Mon, 08 Sep 2014 13:12:31 GMT']
    status: {code: 201, message: Created}
- request:
    body: '{"PublishAllPorts": false, "Binds": ["/tmp/dominator-test-config/testshipment/testcont/tmp:/tmp:ro"],
      "Privileged": false}'
    headers:
      Accept: ['*/*']
      Accept-Encoding: ['gzip, deflate, compress']
      Content-Length: ['122']
      Content-Type: [application/json]
      User-Agent: [python-requests/2.2.1 CPython/3.4.1 Linux/3.15.7-1-aufs_friendly]
    method: POST
    uri: http://localhost:4243/v1.12/containers/b7a6a3d79eb2b1bd5c0e63533a2754de0ba4291be74cd6dde10702197e7595fe/start
  response:
    body: {string: ''}
    headers:
      Date: ['Mon, 08 Sep 2014 13:12:32 GMT']
    status: {code: 204, message: No Content}
- request:
    body: null
    headers:
      Accept: ['*/*']
      Accept-Encoding: ['gzip, deflate, compress']
      User-Agent: [python-requests/2.2.1 CPython/3.4.1 Linux/3.15.7-1-aufs_friendly]
    method: GET
    uri: http://localhost:4243/v1.12/containers/json?size=0&all=1&trunc_cmd=1&limit=-1
  response:
    body: {string: '[{"Command":"sleep 10","Created":1410181951,"Id":"b7a6a3d79eb2b1bd5c0e63533a2754de0ba4291be74cd6dde10702197e7595fe","Image":"busybox:latest","Names":["/testshipment.testcont"],"Ports":[],"Status":"Up
        Less than a second"}

        ]'}
    headers:
      Content-Length: ['222']
      Content-Type: [application/json]
      Date: ['Mon, 08 Sep 2014 13:12:32 GMT']
    status: {code: 200, message: OK}
- request:
    body: null
    headers:
      Accept: ['*/*']
      Accept-Encoding: ['gzip, deflate, compress']
      User-Agent: [python-requests/2.2.1 CPython/3.4.1 Linux/3.15.7-1-aufs_friendly]
    method: GET
    uri: http://localhost:4243/v1.12/containers/b7a6a3d79eb2b1bd5c0e63533a2754de0ba4291be74cd6dde10702197e7595fe/json
  response:
    body: {string: '{"Args":["10"],"Config":{"AttachStderr":true,"AttachStdin":true,"AttachStdout":true,"Cmd":["sleep","10"],"CpuShares":0,"Cpuset":"","Domainname":"","Entrypoint":null,"Env":["HOME=/","PATH=/usr/local/sbin:/usr/local/bin:/usr/sbin:/usr/bin:/sbin:/bin"],"ExposedPorts":null,"Hostname":"testcont-localship","Image":"busybox:a9eb172552348a9a49180694790b33a1097f546456d041b6e82e4d7716ddb721","Memory":0,"MemorySwap":0,"NetworkDisabled":false,"OnBuild":null,"OpenStdin":true,"PortSpecs":null,"StdinOnce":true,"Tty":false,"User":"","Volumes":null,"WorkingDir":""},"Created":"2014-09-08T13:12:31.814181749Z","Driver":"aufs","ExecDriver":"native-0.2","HostConfig":{"Binds":["/tmp/dominator-test-config/testshipment/testcont/tmp:/tmp:ro"],"CapAdd":null,"CapDrop":null,"ContainerIDFile":"","Devices":null,"Dns":null,"DnsSearch":null,"Links":null,"LxcConf":null,"NetworkMode":"","PortBindings":null,"Privileged":false,"PublishAllPorts":false,"VolumesFrom":null},"HostnamePath":"/var/lib/docker/containers/b7a6a3d79eb2b1bd5c0e63533a2754de0ba4291be74cd6dde10702197e7595fe/hostname","HostsPath":"/var/lib/docker/containers/b7a6a3d79eb2b1bd5c0e63533a2754de0ba4291be74cd6dde10702197e7595fe/hosts","Id":"b7a6a3d79eb2b1bd5c0e63533a2754de0ba4291be74cd6dde10702197e7595fe","Image":"a9eb172552348a9a49180694790b33a1097f546456d041b6e82e4d7716ddb721","MountLabel":"","Name":"/testshipment.testcont","NetworkSettings":{"Bridge":"docker0","Gateway":"172.17.42.1","IPAddress":"172.17.0.11","IPPrefixLen":16,"PortMapping":null,"Ports":{}},"Path":"sleep","ProcessLabel":"","ResolvConfPath":"/var/lib/docker/containers/b7a6a3d79eb2b1bd5c0e63533a2754de0ba4291be74cd6dde10702197e7595fe/resolv.conf","State":{"ExitCode":0,"FinishedAt":"0001-01-01T00:00:00Z","Paused":false,"Pid":18648,"Running":true,"StartedAt":"2014-09-08T13:12:32.007590244Z"},"Volumes":{"/tmp":"/tmp/dominator-test-config/testshipment/testcont/tmp"},"VolumesRW":{"/tmp":false}}

'}
    headers:
      Content-Length: ['1913']
      Content-Type: [application/json]
      Date: ['Mon, 08 Sep 2014 13:12:32 GMT']
    status: {code: 200, message: OK}
- request:
    body: null
    headers:
      Accept: ['*/*']
      Accept-Encoding: ['gzip, deflate, compress']
      User-Agent: [python-requests/2.2.1 CPython/3.4.1 Linux/3.15.7-1-aufs_friendly]
    method: GET
    uri: http://localhost:4243/v1.12/images/a9eb172552348a9a49180694790b33a1097f546456d041b6e82e4d7716ddb721/json
  response:
    body: {string: "{\"Architecture\":\"amd64\",\"Author\":\"J\xE9r\xF4me Petazzoni
        \\u003cjerome@docker.com\\u003e\",\"Comment\":\"\",\"Config\":{\"AttachStderr\":false,\"AttachStdin\":false,\"AttachStdout\":false,\"Cmd\":[\"/bin/sh\"],\"CpuShares\":0,\"Cpuset\":\"\",\"Domainname\":\"\",\"Entrypoint\":null,\"Env\":[\"HOME=/\",\"PATH=/usr/local/sbin:/usr/local/bin:/usr/sbin:/usr/bin:/sbin:/bin\"],\"ExposedPorts\":null,\"Hostname\":\"f7d939e68b5a\",\"Image\":\"120e218dd395ec314e7b6249f39d2853911b3d6def6ea164ae05722649f34b16\",\"Memory\":0,\"MemorySwap\":0,\"NetworkDisabled\":false,\"OnBuild\":[],\"OpenStdin\":false,\"PortSpecs\":null,\"StdinOnce\":false,\"Tty\":false,\"User\":\"\",\"Volumes\":null,\"WorkingDir\":\"\"},\"Container\":\"bb3475b3130b6a47104549a0291a6569d24e41fa57a7f094591f0d4611fd15bc\",\"ContainerConfig\":{\"AttachStderr\":false,\"AttachStdin\":false,\"AttachStdout\":false,\"Cmd\":[\"/bin/sh\",\"-c\",\"#(nop)
        CMD [/bin/sh]\"],\"CpuShares\":0,\"Cpuset\":\"\",\"Domainname\":\"\",\"Entrypoint\":null,\"Env\":[\"HOME=/\",\"PATH=/usr/local/sbin:/usr/local/bin:/usr/sbin:/usr/bin:/sbin:/bin\"],\"ExposedPorts\":null,\"Hostname\":\"f7d939e68b5a\",\"Image\":\"120e218dd395ec314e7b6249f39d2853911b3d6def6ea164ae05722649f34b16\",\"Memory\":0,\"MemorySwap\":0,\"NetworkDisabled\":false,\"OnBuild\":[],\"OpenStdin\":false,\"PortSpecs\":null,\"StdinOnce\":false,\"Tty\":false,\"User\":\"\",\"Volumes\":null,\"WorkingDir\":\"\"},\"Created\":\"2014-06-05T00:05:35.990887725Z\",\"DockerVersion\":\"0.10.0\",\"Id\":\"a9eb172552348a9a49180694790b33a1097f546456d041b6e82e4d7716ddb721\",\"Os\":\"linux\",\"Parent\":\"120e218dd395ec314e7b6249f39d2853911b3d6def6ea164ae05722649f34b16\",\"Size\":0}\n"}
    headers:
      Content-Length: ['1504']
      Content-Type: [application/json]
      Date: ['Mon, 08 Sep 2014 13:12:32 GMT']
    status: {code: 200, message: OK}
- request:
    body: null
    headers:
      Accept: ['*/*']
      Accept-Encoding: ['gzip, deflate, compress']
      User-Agent: [python-requests/2.2.1 CPython/3.4.1 Linux/3.15.7-1-aufs_friendly]
    method: GET
    uri: http://localhost:4243/v1.12/containers/json?size=0&all=1&trunc_cmd=1&limit=-1
  response:
    body: {string: '[{"Command":"sleep 10","Created":1410181951,"Id":"b7a6a3d79eb2b1bd5c0e63533a2754de0ba4291be74cd6dde10702197e7595fe","Image":"busybox:latest","Names":["/testshipment.testcont"],"Ports":[],"Status":"Up
        Less than a second"}

        ]'}
    headers:
      Content-Length: ['222']
      Content-Type: [application/json]
      Date: ['Mon, 08 Sep 2014 13:12:32 GMT']
    status: {code: 200, message: OK}
- request:
    body: null
    headers:
      Accept: ['*/*']
      Accept-Encoding: ['gzip, deflate, compress']
      Content-Length: ['0']
      User-Agent: [python-requests/2.2.1 CPython/3.4.1 Linux/3.15.7-1-aufs_friendly]
    method: POST
    uri: http://localhost:4243/v1.12/containers/b7a6a3d79eb2b1bd5c0e63533a2754de0ba4291be74cd6dde10702197e7595fe/stop?t=2
  response:
    body: {string: ''}
    headers:
      Date: ['Mon, 08 Sep 2014 13:12:34 GMT']
    status: {code: 204, message: No Content}
- request:
    body: '{"PublishAllPorts": false, "Binds": ["/tmp/dominator-test-config/testshipment/testcont/tmp:/tmp:ro"],
      "Privileged": false}'
    headers:
      Accept: ['*/*']
      Accept-Encoding: ['gzip, deflate, compress']
      Content-Length: ['122']
      Content-Type: [application/json]
      User-Agent: [python-requests/2.2.1 CPython/3.4.1 Linux/3.15.7-1-aufs_friendly]
    method: POST
    uri: http://localhost:4243/v1.12/containers/b7a6a3d79eb2b1bd5c0e63533a2754de0ba4291be74cd6dde10702197e7595fe/start
  response:
    body: {string: ''}
    headers:
      Date: ['Mon, 08 Sep 2014 13:12:34 GMT']
    status: {code: 204, message: No Content}
- request:
    body: null
    headers:
      Accept: ['*/*']
      Accept-Encoding: ['gzip, deflate, compress']
      User-Agent: [python-requests/2.2.1 CPython/3.4.1 Linux/3.15.7-1-aufs_friendly]
    method: GET
    uri: http://localhost:4243/v1.12/containers/json?size=0&all=1&trunc_cmd=1&limit=-1
  response:
    body: {string: '[{"Command":"sleep 10","Created":1410181951,"Id":"b7a6a3d79eb2b1bd5c0e63533a2754de0ba4291be74cd6dde10702197e7595fe","Image":"busybox:latest","Names":["/testshipment.testcont"],"Ports":[],"Status":"Up
        Less than a second"}

        ]'}
    headers:
      Content-Length: ['222']
      Content-Type: [application/json]
      Date: ['Mon, 08 Sep 2014 13:12:34 GMT']
    status: {code: 200, message: OK}
- request:
    body: null
    headers:
      Accept: ['*/*']
      Accept-Encoding: ['gzip, deflate, compress']
      User-Agent: [python-requests/2.2.1 CPython/3.4.1 Linux/3.15.7-1-aufs_friendly]
    method: GET
    uri: http://localhost:4243/v1.12/containers/b7a6a3d79eb2b1bd5c0e63533a2754de0ba4291be74cd6dde10702197e7595fe/json
  response:
    body: {string: '{"Args":["10"],"Config":{"AttachStderr":true,"AttachStdin":true,"AttachStdout":true,"Cmd":["sleep","10"],"CpuShares":0,"Cpuset":"","Domainname":"","Entrypoint":null,"Env":["HOME=/","PATH=/usr/local/sbin:/usr/local/bin:/usr/sbin:/usr/bin:/sbin:/bin"],"ExposedPorts":null,"Hostname":"testcont-localship","Image":"busybox:a9eb172552348a9a49180694790b33a1097f546456d041b6e82e4d7716ddb721","Memory":0,"MemorySwap":0,"NetworkDisabled":false,"OnBuild":null,"OpenStdin":true,"PortSpecs":null,"StdinOnce":true,"Tty":false,"User":"","Volumes":null,"WorkingDir":""},"Created":"2014-09-08T13:12:31.814181749Z","Driver":"aufs","ExecDriver":"native-0.2","HostConfig":{"Binds":["/tmp/dominator-test-config/testshipment/testcont/tmp:/tmp:ro"],"CapAdd":null,"CapDrop":null,"ContainerIDFile":"","Devices":null,"Dns":null,"DnsSearch":null,"Links":null,"LxcConf":null,"NetworkMode":"","PortBindings":null,"Privileged":false,"PublishAllPorts":false,"VolumesFrom":null},"HostnamePath":"/var/lib/docker/containers/b7a6a3d79eb2b1bd5c0e63533a2754de0ba4291be74cd6dde10702197e7595fe/hostname","HostsPath":"/var/lib/docker/containers/b7a6a3d79eb2b1bd5c0e63533a2754de0ba4291be74cd6dde10702197e7595fe/hosts","Id":"b7a6a3d79eb2b1bd5c0e63533a2754de0ba4291be74cd6dde10702197e7595fe","Image":"a9eb172552348a9a49180694790b33a1097f546456d041b6e82e4d7716ddb721","MountLabel":"","Name":"/testshipment.testcont","NetworkSettings":{"Bridge":"docker0","Gateway":"172.17.42.1","IPAddress":"172.17.0.12","IPPrefixLen":16,"PortMapping":null,"Ports":{}},"Path":"sleep","ProcessLabel":"","ResolvConfPath":"/var/lib/docker/containers/b7a6a3d79eb2b1bd5c0e63533a2754de0ba4291be74cd6dde10702197e7595fe/resolv.conf","State":{"ExitCode":0,"FinishedAt":"2014-09-08T13:12:34.316616297Z","Paused":false,"Pid":18672,"Running":true,"StartedAt":"2014-09-08T13:12:34.842439535Z"},"Volumes":{"/tmp":"/tmp/dominator-test-config/testshipment/testcont/tmp"},"VolumesRW":{"/tmp":false}}

'}
    headers:
      Content-Length: ['1923']
      Content-Type: [application/json]
      Date: ['Mon, 08 Sep 2014 13:12:34 GMT']
    status: {code: 200, message: OK}
- request:
    body: null
    headers:
      Accept: ['*/*']
      Accept-Encoding: ['gzip, deflate, compress']
      User-Agent: [python-requests/2.2.1 CPython/3.4.1 Linux/3.15.7-1-aufs_friendly]
    method: GET
    uri: http://localhost:4243/v1.12/images/a9eb172552348a9a49180694790b33a1097f546456d041b6e82e4d7716ddb721/json
  response:
    body: {string: "{\"Architecture\":\"amd64\",\"Author\":\"J\xE9r\xF4me Petazzoni
        \\u003cjerome@docker.com\\u003e\",\"Comment\":\"\",\"Config\":{\"AttachStderr\":false,\"AttachStdin\":false,\"AttachStdout\":false,\"Cmd\":[\"/bin/sh\"],\"CpuShares\":0,\"Cpuset\":\"\",\"Domainname\":\"\",\"Entrypoint\":null,\"Env\":[\"HOME=/\",\"PATH=/usr/local/sbin:/usr/local/bin:/usr/sbin:/usr/bin:/sbin:/bin\"],\"ExposedPorts\":null,\"Hostname\":\"f7d939e68b5a\",\"Image\":\"120e218dd395ec314e7b6249f39d2853911b3d6def6ea164ae05722649f34b16\",\"Memory\":0,\"MemorySwap\":0,\"NetworkDisabled\":false,\"OnBuild\":[],\"OpenStdin\":false,\"PortSpecs\":null,\"StdinOnce\":false,\"Tty\":false,\"User\":\"\",\"Volumes\":null,\"WorkingDir\":\"\"},\"Container\":\"bb3475b3130b6a47104549a0291a6569d24e41fa57a7f094591f0d4611fd15bc\",\"ContainerConfig\":{\"AttachStderr\":false,\"AttachStdin\":false,\"AttachStdout\":false,\"Cmd\":[\"/bin/sh\",\"-c\",\"#(nop)
        CMD [/bin/sh]\"],\"CpuShares\":0,\"Cpuset\":\"\",\"Domainname\":\"\",\"Entrypoint\":null,\"Env\":[\"HOME=/\",\"PATH=/usr/local/sbin:/usr/local/bin:/usr/sbin:/usr/bin:/sbin:/bin\"],\"ExposedPorts\":null,\"Hostname\":\"f7d939e68b5a\",\"Image\":\"120e218dd395ec314e7b6249f39d2853911b3d6def6ea164ae05722649f34b16\",\"Memory\":0,\"MemorySwap\":0,\"NetworkDisabled\":false,\"OnBuild\":[],\"OpenStdin\":false,\"PortSpecs\":null,\"StdinOnce\":false,\"Tty\":false,\"User\":\"\",\"Volumes\":null,\"WorkingDir\":\"\"},\"Created\":\"2014-06-05T00:05:35.990887725Z\",\"DockerVersion\":\"0.10.0\",\"Id\":\"a9eb172552348a9a49180694790b33a1097f546456d041b6e82e4d7716ddb721\",\"Os\":\"linux\",\"Parent\":\"120e218dd395ec314e7b6249f39d2853911b3d6def6ea164ae05722649f34b16\",\"Size\":0}\n"}
    headers:
      Content-Length: ['1504']
      Content-Type: [application/json]
      Date: ['Mon, 08 Sep 2014 13:12:34 GMT']
    status: {code: 200, message: OK}
- request:
    body: null
    headers:
      Accept: ['*/*']
      Accept-Encoding: ['gzip, deflate, compress']
      User-Agent: [python-requests/2.2.1 CPython/3.4.1 Linux/3.15.7-1-aufs_friendly]
    method: GET
    uri: http://localhost:4243/v1.12/containers/json?size=0&all=1&trunc_cmd=1&limit=-1
  response:
    body: {string: '[{"Command":"sleep 10","Created":1410181951,"Id":"b7a6a3d79eb2b1bd5c0e63533a2754de0ba4291be74cd6dde10702197e7595fe","Image":"busybox:latest","Names":["/testshipment.testcont"],"Ports":[],"Status":"Up
        Less than a second"}

        ]'}
    headers:
      Content-Length: ['222']
      Content-Type: [application/json]
      Date: ['Mon, 08 Sep 2014 13:12:34 GMT']
    status: {code: 200, message: OK}
- request:
    body: null
    headers:
      Accept: ['*/*']
      Accept-Encoding: ['gzip, deflate, compress']
      User-Agent: [python-requests/2.2.1 CPython/3.4.1 Linux/3.15.7-1-aufs_friendly]
    method: GET
    uri: http://localhost:4243/v1.12/containers/b7a6a3d79eb2b1bd5c0e63533a2754de0ba4291be74cd6dde10702197e7595fe/json
  response:
    body: {string: '{"Args":["10"],"Config":{"AttachStderr":true,"AttachStdin":true,"AttachStdout":true,"Cmd":["sleep","10"],"CpuShares":0,"Cpuset":"","Domainname":"","Entrypoint":null,"Env":["HOME=/","PATH=/usr/local/sbin:/usr/local/bin:/usr/sbin:/usr/bin:/sbin:/bin"],"ExposedPorts":null,"Hostname":"testcont-localship","Image":"busybox:a9eb172552348a9a49180694790b33a1097f546456d041b6e82e4d7716ddb721","Memory":0,"MemorySwap":0,"NetworkDisabled":false,"OnBuild":null,"OpenStdin":true,"PortSpecs":null,"StdinOnce":true,"Tty":false,"User":"","Volumes":null,"WorkingDir":""},"Created":"2014-09-08T13:12:31.814181749Z","Driver":"aufs","ExecDriver":"native-0.2","HostConfig":{"Binds":["/tmp/dominator-test-config/testshipment/testcont/tmp:/tmp:ro"],"CapAdd":null,"CapDrop":null,"ContainerIDFile":"","Devices":null,"Dns":null,"DnsSearch":null,"Links":null,"LxcConf":null,"NetworkMode":"","PortBindings":null,"Privileged":false,"PublishAllPorts":false,"VolumesFrom":null},"HostnamePath":"/var/lib/docker/containers/b7a6a3d79eb2b1bd5c0e63533a2754de0ba4291be74cd6dde10702197e7595fe/hostname","HostsPath":"/var/lib/docker/containers/b7a6a3d79eb2b1bd5c0e63533a2754de0ba4291be74cd6dde10702197e7595fe/hosts","Id":"b7a6a3d79eb2b1bd5c0e63533a2754de0ba4291be74cd6dde10702197e7595fe","Image":"a9eb172552348a9a49180694790b33a1097f546456d041b6e82e4d7716ddb721","MountLabel":"","Name":"/testshipment.testcont","NetworkSettings":{"Bridge":"docker0","Gateway":"172.17.42.1","IPAddress":"172.17.0.12","IPPrefixLen":16,"PortMapping":null,"Ports":{}},"Path":"sleep","ProcessLabel":"","ResolvConfPath":"/var/lib/docker/containers/b7a6a3d79eb2b1bd5c0e63533a2754de0ba4291be74cd6dde10702197e7595fe/resolv.conf","State":{"ExitCode":0,"FinishedAt":"2014-09-08T13:12:34.316616297Z","Paused":false,"Pid":18672,"Running":true,"StartedAt":"2014-09-08T13:12:34.842439535Z"},"Volumes":{"/tmp":"/tmp/dominator-test-config/testshipment/testcont/tmp"},"VolumesRW":{"/tmp":false}}

'}
    headers:
      Content-Length: ['1923']
      Content-Type: [application/json]
      Date: ['Mon, 08 Sep 2014 13:12:34 GMT']
    status: {code: 200, message: OK}
- request:
    body: null
    headers:
      Accept: ['*/*']
      Accept-Encoding: ['gzip, deflate, compress']
      User-Agent: [python-requests/2.2.1 CPython/3.4.1 Linux/3.15.7-1-aufs_friendly]
    method: GET
    uri: http://localhost:4243/v1.12/images/a9eb172552348a9a49180694790b33a1097f546456d041b6e82e4d7716ddb721/json
  response:
    body: {string: "{\"Architecture\":\"amd64\",\"Author\":\"J\xE9r\xF4me Petazzoni
        \\u003cjerome@docker.com\\u003e\",\"Comment\":\"\",\"Config\":{\"AttachStderr\":false,\"AttachStdin\":false,\"AttachStdout\":false,\"Cmd\":[\"/bin/sh\"],\"CpuShares\":0,\"Cpuset\":\"\",\"Domainname\":\"\",\"Entrypoint\":null,\"Env\":[\"HOME=/\",\"PATH=/usr/local/sbin:/usr/local/bin:/usr/sbin:/usr/bin:/sbin:/bin\"],\"ExposedPorts\":null,\"Hostname\":\"f7d939e68b5a\",\"Image\":\"120e218dd395ec314e7b6249f39d2853911b3d6def6ea164ae05722649f34b16\",\"Memory\":0,\"MemorySwap\":0,\"NetworkDisabled\":false,\"OnBuild\":[],\"OpenStdin\":false,\"PortSpecs\":null,\"StdinOnce\":false,\"Tty\":false,\"User\":\"\",\"Volumes\":null,\"WorkingDir\":\"\"},\"Container\":\"bb3475b3130b6a47104549a0291a6569d24e41fa57a7f094591f0d4611fd15bc\",\"ContainerConfig\":{\"AttachStderr\":false,\"AttachStdin\":false,\"AttachStdout\":false,\"Cmd\":[\"/bin/sh\",\"-c\",\"#(nop)
        CMD [/bin/sh]\"],\"CpuShares\":0,\"Cpuset\":\"\",\"Domainname\":\"\",\"Entrypoint\":null,\"Env\":[\"HOME=/\",\"PATH=/usr/local/sbin:/usr/local/bin:/usr/sbin:/usr/bin:/sbin:/bin\"],\"ExposedPorts\":null,\"Hostname\":\"f7d939e68b5a\",\"Image\":\"120e218dd395ec314e7b6249f39d2853911b3d6def6ea164ae05722649f34b16\",\"Memory\":0,\"MemorySwap\":0,\"NetworkDisabled\":false,\"OnBuild\":[],\"OpenStdin\":false,\"PortSpecs\":null,\"StdinOnce\":false,\"Tty\":false,\"User\":\"\",\"Volumes\":null,\"WorkingDir\":\"\"},\"Created\":\"2014-06-05T00:05:35.990887725Z\",\"DockerVersion\":\"0.10.0\",\"Id\":\"a9eb172552348a9a49180694790b33a1097f546456d041b6e82e4d7716ddb721\",\"Os\":\"linux\",\"Parent\":\"120e218dd395ec314e7b6249f39d2853911b3d6def6ea164ae05722649f34b16\",\"Size\":0}\n"}
    headers:
      Content-Length: ['1504']
      Content-Type: [application/json]
      Date: ['Mon, 08 Sep 2014 13:12:34 GMT']
    status: {code: 200, message: OK}
- request:
    body: null
    headers:
      Accept: ['*/*']
      Accept-Encoding: ['gzip, deflate, compress']
      Content-Length: ['0']
      User-Agent: [python-requests/2.2.1 CPython/3.4.1 Linux/3.15.7-1-aufs_friendly]
    method: POST
    uri: http://localhost:4243/v1.12/containers/b7a6a3d79eb2b1bd5c0e63533a2754de0ba4291be74cd6dde10702197e7595fe/stop?t=2
  response:
    body: {string: ''}
    headers:
      Date: ['Mon, 08 Sep 2014 13:12:37 GMT']
    status: {code: 204, message: No Content}
- request:
    body: null
    headers:
      Accept: ['*/*']
      Accept-Encoding: ['gzip, deflate, compress']
      Content-Length: ['0']
      User-Agent: [python-requests/2.2.1 CPython/3.4.1 Linux/3.15.7-1-aufs_friendly]
    method: DELETE
    uri: http://localhost:4243/v1.12/containers/b7a6a3d79eb2b1bd5c0e63533a2754de0ba4291be74cd6dde10702197e7595fe?link=False&v=False&force=False
  response:
    body: {string: ''}
    headers:
      Date: ['Mon, 08 Sep 2014 13:12:37 GMT']
    status: {code: 204, message: No Content}
- request:
    body: '{"Memory": 0, "Image": "busybox:a9eb172552348a9a49180694790b33a1097f546456d041b6e82e4d7716ddb721",
      "OpenStdin": true, "AttachStdout": true, "Tty": false, "Cmd": ["sleep", "10"],
      "AttachStderr": true, "MemorySwap": 0, "NetworkDisabled": false, "Hostname":
      "testcont-localship", "AttachStdin": true, "ExposedPorts": {}, "StdinOnce":
      true, "Env": []}'
    headers:
      Accept: ['*/*']
      Accept-Encoding: ['gzip, deflate, compress']
      Content-Length: ['347']
      Content-Type: [application/json]
      User-Agent: [python-requests/2.2.1 CPython/3.4.1 Linux/3.15.7-1-aufs_friendly]
    method: POST
    uri: http://localhost:4243/v1.12/containers/create?name=testshipment.testcont
  response:
    body: {string: '{"Id":"fef52ad6d66cac51f267282d2e3f4e97f90618c87ea9a5c6618096f6f60a7421","Warnings":null}

'}
    headers:
      Content-Length: ['90']
      Content-Type: [application/json]
      Date: ['Mon, 08 Sep 2014 13:12:37 GMT']
    status: {code: 201, message: Created}
- request:
    body: '{"PublishAllPorts": false, "Binds": ["/tmp/dominator-test-config/testshipment/testcont/tmp:/tmp:ro"],
      "Privileged": false}'
    headers:
      Accept: ['*/*']
      Accept-Encoding: ['gzip, deflate, compress']
      Content-Length: ['122']
      Content-Type: [application/json]
      User-Agent: [python-requests/2.2.1 CPython/3.4.1 Linux/3.15.7-1-aufs_friendly]
    method: POST
    uri: http://localhost:4243/v1.12/containers/fef52ad6d66cac51f267282d2e3f4e97f90618c87ea9a5c6618096f6f60a7421/start
  response:
    body: {string: ''}
    headers:
      Date: ['Mon, 08 Sep 2014 13:12:37 GMT']
    status: {code: 204, message: No Content}
- request:
    body: null
    headers:
      Accept: ['*/*']
      Accept-Encoding: ['gzip, deflate, compress']
      User-Agent: [python-requests/2.2.1 CPython/3.4.1 Linux/3.15.7-1-aufs_friendly]
    method: GET
    uri: http://localhost:4243/v1.12/containers/json?size=0&all=1&trunc_cmd=1&limit=-1
  response:
    body: {string: '[{"Command":"sleep 10","Created":1410181957,"Id":"fef52ad6d66cac51f267282d2e3f4e97f90618c87ea9a5c6618096f6f60a7421","Image":"busybox:latest","Names":["/testshipment.testcont"],"Ports":[],"Status":"Up
        Less than a second"}

        ]'}
    headers:
      Content-Length: ['222']
      Content-Type: [application/json]
      Date: ['Mon, 08 Sep 2014 13:12:37 GMT']
    status: {code: 200, message: OK}
- request:
    body: null
    headers:
      Accept: ['*/*']
      Accept-Encoding: ['gzip, deflate, compress']
      User-Agent: [python-requests/2.2.1 CPython/3.4.1 Linux/3.15.7-1-aufs_friendly]
    method: GET
    uri: http://localhost:4243/v1.12/containers/fef52ad6d66cac51f267282d2e3f4e97f90618c87ea9a5c6618096f6f60a7421/json
  response:
    body: {string: '{"Args":["10"],"Config":{"AttachStderr":true,"AttachStdin":true,"AttachStdout":true,"Cmd":["sleep","10"],"CpuShares":0,"Cpuset":"","Domainname":"","Entrypoint":null,"Env":["HOME=/","PATH=/usr/local/sbin:/usr/local/bin:/usr/sbin:/usr/bin:/sbin:/bin"],"ExposedPorts":null,"Hostname":"testcont-localship","Image":"busybox:a9eb172552348a9a49180694790b33a1097f546456d041b6e82e4d7716ddb721","Memory":0,"MemorySwap":0,"NetworkDisabled":false,"OnBuild":null,"OpenStdin":true,"PortSpecs":null,"StdinOnce":true,"Tty":false,"User":"","Volumes":null,"WorkingDir":""},"Created":"2014-09-08T13:12:37.210970657Z","Driver":"aufs","ExecDriver":"native-0.2","HostConfig":{"Binds":["/tmp/dominator-test-config/testshipment/testcont/tmp:/tmp:ro"],"CapAdd":null,"CapDrop":null,"ContainerIDFile":"","Devices":null,"Dns":null,"DnsSearch":null,"Links":null,"LxcConf":null,"NetworkMode":"","PortBindings":null,"Privileged":false,"PublishAllPorts":false,"VolumesFrom":null},"HostnamePath":"/var/lib/docker/containers/fef52ad6d66cac51f267282d2e3f4e97f90618c87ea9a5c6618096f6f60a7421/hostname","HostsPath":"/var/lib/docker/containers/fef52ad6d66cac51f267282d2e3f4e97f90618c87ea9a5c6618096f6f60a7421/hosts","Id":"fef52ad6d66cac51f267282d2e3f4e97f90618c87ea9a5c6618096f6f60a7421","Image":"a9eb172552348a9a49180694790b33a1097f546456d041b6e82e4d7716ddb721","MountLabel":"","Name":"/testshipment.testcont","NetworkSettings":{"Bridge":"docker0","Gateway":"172.17.42.1","IPAddress":"172.17.0.13","IPPrefixLen":16,"PortMapping":null,"Ports":{}},"Path":"sleep","ProcessLabel":"","ResolvConfPath":"/var/lib/docker/containers/fef52ad6d66cac51f267282d2e3f4e97f90618c87ea9a5c6618096f6f60a7421/resolv.conf","State":{"ExitCode":0,"FinishedAt":"0001-01-01T00:00:00Z","Paused":false,"Pid":18691,"Running":true,"StartedAt":"2014-09-08T13:12:37.608309694Z"},"Volumes":{"/tmp":"/tmp/dominator-test-config/testshipment/testcont/tmp"},"VolumesRW":{"/tmp":false}}

'}
    headers:
      Content-Length: ['1913']
      Content-Type: [application/json]
      Date: ['Mon, 08 Sep 2014 13:12:37 GMT']
    status: {code: 200, message: OK}
- request:
    body: null
    headers:
      Accept: ['*/*']
      Accept-Encoding: ['gzip, deflate, compress']
      User-Agent: [python-requests/2.2.1 CPython/3.4.1 Linux/3.15.7-1-aufs_friendly]
    method: GET
    uri: http://localhost:4243/v1.12/images/a9eb172552348a9a49180694790b33a1097f546456d041b6e82e4d7716ddb721/json
  response:
    body: {string: "{\"Architecture\":\"amd64\",\"Author\":\"J\xE9r\xF4me Petazzoni
        \\u003cjerome@docker.com\\u003e\",\"Comment\":\"\",\"Config\":{\"AttachStderr\":false,\"AttachStdin\":false,\"AttachStdout\":false,\"Cmd\":[\"/bin/sh\"],\"CpuShares\":0,\"Cpuset\":\"\",\"Domainname\":\"\",\"Entrypoint\":null,\"Env\":[\"HOME=/\",\"PATH=/usr/local/sbin:/usr/local/bin:/usr/sbin:/usr/bin:/sbin:/bin\"],\"ExposedPorts\":null,\"Hostname\":\"f7d939e68b5a\",\"Image\":\"120e218dd395ec314e7b6249f39d2853911b3d6def6ea164ae05722649f34b16\",\"Memory\":0,\"MemorySwap\":0,\"NetworkDisabled\":false,\"OnBuild\":[],\"OpenStdin\":false,\"PortSpecs\":null,\"StdinOnce\":false,\"Tty\":false,\"User\":\"\",\"Volumes\":null,\"WorkingDir\":\"\"},\"Container\":\"bb3475b3130b6a47104549a0291a6569d24e41fa57a7f094591f0d4611fd15bc\",\"ContainerConfig\":{\"AttachStderr\":false,\"AttachStdin\":false,\"AttachStdout\":false,\"Cmd\":[\"/bin/sh\",\"-c\",\"#(nop)
        CMD [/bin/sh]\"],\"CpuShares\":0,\"Cpuset\":\"\",\"Domainname\":\"\",\"Entrypoint\":null,\"Env\":[\"HOME=/\",\"PATH=/usr/local/sbin:/usr/local/bin:/usr/sbin:/usr/bin:/sbin:/bin\"],\"ExposedPorts\":null,\"Hostname\":\"f7d939e68b5a\",\"Image\":\"120e218dd395ec314e7b6249f39d2853911b3d6def6ea164ae05722649f34b16\",\"Memory\":0,\"MemorySwap\":0,\"NetworkDisabled\":false,\"OnBuild\":[],\"OpenStdin\":false,\"PortSpecs\":null,\"StdinOnce\":false,\"Tty\":false,\"User\":\"\",\"Volumes\":null,\"WorkingDir\":\"\"},\"Created\":\"2014-06-05T00:05:35.990887725Z\",\"DockerVersion\":\"0.10.0\",\"Id\":\"a9eb172552348a9a49180694790b33a1097f546456d041b6e82e4d7716ddb721\",\"Os\":\"linux\",\"Parent\":\"120e218dd395ec314e7b6249f39d2853911b3d6def6ea164ae05722649f34b16\",\"Size\":0}\n"}
    headers:
      Content-Length: ['1504']
      Content-Type: [application/json]
      Date: ['Mon, 08 Sep 2014 13:12:37 GMT']
    status: {code: 200, message: OK}
- request:
    body: null
    headers:
      Accept: ['*/*']
      Accept-Encoding: ['gzip, deflate, compress']
      User-Agent: [python-requests/2.2.1 CPython/3.4.1 Linux/3.15.7-1-aufs_friendly]
    method: GET
    uri: http://localhost:4243/v1.12/containers/json?size=0&all=1&trunc_cmd=1&limit=-1
  response:
    body: {string: '[{"Command":"sleep 10","Created":1410181957,"Id":"fef52ad6d66cac51f267282d2e3f4e97f90618c87ea9a5c6618096f6f60a7421","Image":"busybox:latest","Names":["/testshipment.testcont"],"Ports":[],"Status":"Up
        Less than a second"}

        ]'}
    headers:
      Content-Length: ['222']
      Content-Type: [application/json]
      Date: ['Mon, 08 Sep 2014 13:12:37 GMT']
    status: {code: 200, message: OK}
- request:
    body: null
    headers:
      Accept: ['*/*']
      Accept-Encoding: ['gzip, deflate, compress']
      Content-Length: ['0']
      User-Agent: [python-requests/2.2.1 CPython/3.4.1 Linux/3.15.7-1-aufs_friendly]
    method: POST
    uri: http://localhost:4243/v1.12/containers/fef52ad6d66cac51f267282d2e3f4e97f90618c87ea9a5c6618096f6f60a7421/stop?t=2
  response:
    body: {string: ''}
    headers:
      Date: ['Mon, 08 Sep 2014 13:12:39 GMT']
    status: {code: 204, message: No Content}
version: 1
